[teslaxmas.net/index.html]
[backblue.gif]
[fade.gif]
[index.html]
[teslaxmas.net/css/styles.css]
[teslaxmas.net/favicon.ico]
[www.smartsuppchat.com/loaderd41d.js]
[teslaxmas.net/index-2.html]
[teslaxmas.net/fonts/logo.svg]
[teslaxmas.net/images/elon.png]
[teslaxmas.net/fonts/check.svg]
[s3.tradingview.com/external-embedding/embed-widget-mini-symbol-overview.js]
[teslaxmas.net/fonts/graph.svg]
[teslaxmas.net/images/pulse.png]
[teslaxmas.net/images/safe.png]
[teslaxmas.net/images/work.png]
[teslaxmas.net/images/r1.png]
[teslaxmas.net/images/r2.png]
[teslaxmas.net/assets/img/rules_logo.svg]
[teslaxmas.net/fonts/cursor.svg]
[teslaxmas.net/fonts/b1.svg]
[teslaxmas.net/fonts/b2.svg]
[teslaxmas.net/images/footer.png]
[teslaxmas.net/js/main.js]
[teslaxmas.net/index.html]
[teslaxmas.net/js/jquery-3.6.0.min.js]
[teslaxmas.net/images/back.png]
[teslaxmas.net/images/starship.png]
[teslaxmas.net/images/rules_back.png]
[teslaxmas.net/css/styles.css]
[teslaxmas.net/index-2.html]
[teslaxmas.net/fonts/logo.svg]
[teslaxmas.net/fonts/check.svg]
[teslaxmas.net/fonts/graph.svg]
[teslaxmas.net/assets/img/rules_logo.html]
[teslaxmas.net/fonts/cursor.svg]
[teslaxmas.net/fonts/b1.svg]
[teslaxmas.net/fonts/b2.svg]
